
> frontend@0.1.0 start
> craco start

node:internal/modules/cjs/loader:1405
  const err = new Error(message);
              ^

Error: Cannot find module 'ajv/dist/compile/codegen'
Require stack:
- c:\Users\HrishitaRaj\Downloads\watchit-1\frontend\node_modules\ajv-keywords\dist\definitions\typeof.js
- c:\Users\HrishitaRaj\Downloads\watchit-1\frontend\node_modules\ajv-keywords\dist\keywords\typeof.js
- c:\Users\HrishitaRaj\Downloads\watchit-1\frontend\node_modules\ajv-keywords\dist\keywords\index.js
- c:\Users\HrishitaRaj\Downloads\watchit-1\frontend\node_modules\ajv-keywords\dist\index.js
- c:\Users\HrishitaRaj\Downloads\watchit-1\frontend\node_modules\schema-utils\dist\validate.js
- c:\Users\HrishitaRaj\Downloads\watchit-1\frontend\node_modules\schema-utils\dist\index.js
- c:\Users\HrishitaRaj\Downloads\watchit-1\frontend\node_modules\terser-webpack-plugin\dist\index.js
- c:\Users\HrishitaRaj\Downloads\watchit-1\frontend\node_modules\react-scripts\config\webpack.config.js
- c:\Users\HrishitaRaj\Downloads\watchit-1\frontend\node_modules\@craco\craco\dist\lib\cra.js
- c:\Users\HrishitaRaj\Downloads\watchit-1\frontend\node_modules\@craco\craco\dist\scripts\start.js
    at Function._resolveFilename (node:internal/modules/cjs/loader:1405:15)
    at defaultResolveImpl (node:internal/modules/cjs/loader:1061:19)
    at resolveForCJSWithHooks (node:internal/modules/cjs/loader:1066:22)
    at Function._load (node:internal/modules/cjs/loader:1215:37)
    at TracingChannel.traceSync (node:diagnostics_channel:322:14)
    at wrapModuleLoad (node:internal/modules/cjs/loader:235:24)
    at Module.require (node:internal/modules/cjs/loader:1491:12)
    at require (node:internal/modules/helpers:135:16)
    at Object.<anonymous> (c:\Users\HrishitaRaj\Downloads\watchit-1\frontend\node_modules\ajv-keywords\dist\definitions\typeof.js:3:19)
    at Module._compile (node:internal/modules/cjs/loader:1734:14) {
  code: 'MODULE_NOT_FOUND',
  requireStack: [
    'c:\\Users\\HrishitaRaj\\Downloads\\watchit-1\\frontend\\node_modules\\ajv-keywords\\dist\\definitions\\typeof.js',
    'c:\\Users\\HrishitaRaj\\Downloads\\watchit-1\\frontend\\node_modules\\ajv-keywords\\dist\\keywords\\typeof.js',
    'c:\\Users\\HrishitaRaj\\Downloads\\watchit-1\\frontend\\node_modules\\ajv-keywords\\dist\\keywords\\index.js',
    'c:\\Users\\HrishitaRaj\\Downloads\\watchit-1\\frontend\\node_modules\\ajv-keywords\\dist\\index.js',
    'c:\\Users\\HrishitaRaj\\Downloads\\watchit-1\\frontend\\node_modules\\schema-utils\\dist\\validate.js',
    'c:\\Users\\HrishitaRaj\\Downloads\\watchit-1\\frontend\\node_modules\\schema-utils\\dist\\index.js',
    'c:\\Users\\HrishitaRaj\\Downloads\\watchit-1\\frontend\\node_modules\\terser-webpack-plugin\\dist\\index.js',
    'c:\\Users\\HrishitaRaj\\Downloads\\watchit-1\\frontend\\node_modules\\react-scripts\\config\\webpack.config.js',
    'c:\\Users\\HrishitaRaj\\Downloads\\watchit-1\\frontend\\node_modules\\@craco\\craco\\dist\\lib\\cra.js',
    'c:\\Users\\HrishitaRaj\\Downloads\\watchit-1\\frontend\\node_modules\\@craco\\craco\\dist\\scripts\\start.js'
  ]
}

Node.js v23.11.0
