Traceback (most recent call last):
  File "C:\Users\HrishitaRaj\AppData\Roaming\Python\Python313\site-packages\pydantic\networks.py", line 925, in import_email_validator
    import email_validator
ModuleNotFoundError: No module named 'email_validator'

The above exception was the direct cause of the following exception:

Traceback (most recent call last):
  File "<frozen runpy>", line 198, in _run_module_as_main
  File "<frozen runpy>", line 88, in _run_code
  File "C:\Users\HrishitaRaj\AppData\Roaming\Python\Python313\site-packages\uvicorn\__main__.py", line 4, in <module>
    uvicorn.main()
    ~~~~~~~~~~~~^^
  File "C:\Users\HrishitaRaj\AppData\Roaming\Python\Python313\site-packages\click\core.py", line 1161, in __call__
    return self.main(*args, **kwargs)
           ~~~~~~~~~^^^^^^^^^^^^^^^^^
  File "C:\Users\HrishitaRaj\AppData\Roaming\Python\Python313\site-packages\click\core.py", line 1082, in main
    rv = self.invoke(ctx)
  File "C:\Users\HrishitaRaj\AppData\Roaming\Python\Python313\site-packages\click\core.py", line 1443, in invoke
    return ctx.invoke(self.callback, **ctx.params)
           ~~~~~~~~~~^^^^^^^^^^^^^^^^^^^^^^^^^^^^^
  File "C:\Users\HrishitaRaj\AppData\Roaming\Python\Python313\site-packages\click\core.py", line 788, in invoke
    return __callback(*args, **kwargs)
  File "C:\Users\HrishitaRaj\AppData\Roaming\Python\Python313\site-packages\uvicorn\main.py", line 412, in main
    run(
    ~~~^
        app,
        ^^^^
    ...<45 lines>...
        h11_max_incomplete_event_size=h11_max_incomplete_event_size,
        ^^^^^^^^^^^^^^^^^^^^^^^^^^^^^^^^^^^^^^^^^^^^^^^^^^^^^^^^^^^^
    )
    ^
  File "C:\Users\HrishitaRaj\AppData\Roaming\Python\Python313\site-packages\uvicorn\main.py", line 579, in run
    server.run()
    ~~~~~~~~~~^^
  File "C:\Users\HrishitaRaj\AppData\Roaming\Python\Python313\site-packages\uvicorn\server.py", line 66, in run
    return asyncio.run(self.serve(sockets=sockets))
           ~~~~~~~~~~~^^^^^^^^^^^^^^^^^^^^^^^^^^^^^
  File "C:\Python313\Lib\asyncio\runners.py", line 194, in run
    return runner.run(main)
           ~~~~~~~~~~^^^^^^
  File "C:\Python313\Lib\asyncio\runners.py", line 118, in run
    return self._loop.run_until_complete(task)
           ~~~~~~~~~~~~~~~~~~~~~~~~~~~~~^^^^^^
  File "C:\Python313\Lib\asyncio\base_events.py", line 720, in run_until_complete
    return future.result()
           ~~~~~~~~~~~~~^^
  File "C:\Users\HrishitaRaj\AppData\Roaming\Python\Python313\site-packages\uvicorn\server.py", line 70, in serve
    await self._serve(sockets)
  File "C:\Users\HrishitaRaj\AppData\Roaming\Python\Python313\site-packages\uvicorn\server.py", line 77, in _serve
    config.load()
    ~~~~~~~~~~~^^
  File "C:\Users\HrishitaRaj\AppData\Roaming\Python\Python313\site-packages\uvicorn\config.py", line 435, in load
    self.loaded_app = import_from_string(self.app)
                      ~~~~~~~~~~~~~~~~~~^^^^^^^^^^
  File "C:\Users\HrishitaRaj\AppData\Roaming\Python\Python313\site-packages\uvicorn\importer.py", line 19, in import_from_string
    module = importlib.import_module(module_str)
  File "C:\Python313\Lib\importlib\__init__.py", line 88, in import_module
    return _bootstrap._gcd_import(name[level:], package, level)
           ~~~~~~~~~~~~~~~~~~~~~~^^^^^^^^^^^^^^^^^^^^^^^^^^^^^^
  File "<frozen importlib._bootstrap>", line 1387, in _gcd_import
  File "<frozen importlib._bootstrap>", line 1360, in _find_and_load
  File "<frozen importlib._bootstrap>", line 1331, in _find_and_load_unlocked
  File "<frozen importlib._bootstrap>", line 935, in _load_unlocked
  File "<frozen importlib._bootstrap_external>", line 1026, in exec_module
  File "<frozen importlib._bootstrap>", line 488, in _call_with_frames_removed
  File "C:\Users\HrishitaRaj\Downloads\watchit-1\backend\server.py", line 74, in <module>
    class Credentials(BaseModel):
    ...<2 lines>...
        name: Optional[str] = Field(default="Investor", max_length=80)
  File "C:\Users\HrishitaRaj\AppData\Roaming\Python\Python313\site-packages\pydantic\_internal\_model_construction.py", line 224, in __new__
    complete_model_class(
    ~~~~~~~~~~~~~~~~~~~~^
        cls,
        ^^^^
    ...<4 lines>...
        create_model_module=_create_model_module,
        ^^^^^^^^^^^^^^^^^^^^^^^^^^^^^^^^^^^^^^^^^
    )
    ^
  File "C:\Users\HrishitaRaj\AppData\Roaming\Python\Python313\site-packages\pydantic\_internal\_model_construction.py", line 602, in complete_model_class
    schema = cls.__get_pydantic_core_schema__(cls, handler)
  File "C:\Users\HrishitaRaj\AppData\Roaming\Python\Python313\site-packages\pydantic\main.py", line 702, in __get_pydantic_core_schema__
    return handler(source)
  File "C:\Users\HrishitaRaj\AppData\Roaming\Python\Python313\site-packages\pydantic\_internal\_schema_generation_shared.py", line 84, in __call__
    schema = self._handler(source_type)
  File "C:\Users\HrishitaRaj\AppData\Roaming\Python\Python313\site-packages\pydantic\_internal\_generate_schema.py", line 610, in generate_schema
    schema = self._generate_schema_inner(obj)
  File "C:\Users\HrishitaRaj\AppData\Roaming\Python\Python313\site-packages\pydantic\_internal\_generate_schema.py", line 879, in _generate_schema_inner
    return self._model_schema(obj)
           ~~~~~~~~~~~~~~~~~~^^^^^
  File "C:\Users\HrishitaRaj\AppData\Roaming\Python\Python313\site-packages\pydantic\_internal\_generate_schema.py", line 691, in _model_schema
    {k: self._generate_md_field_schema(k, v, decorators) for k, v in fields.items()},
        ~~~~~~~~~~~~~~~~~~~~~~~~~~~~~~^^^^^^^^^^^^^^^^^^
  File "C:\Users\HrishitaRaj\AppData\Roaming\Python\Python313\site-packages\pydantic\_internal\_generate_schema.py", line 1071, in _generate_md_field_schema
    common_field = self._common_field_schema(name, field_info, decorators)
  File "C:\Users\HrishitaRaj\AppData\Roaming\Python\Python313\site-packages\pydantic\_internal\_generate_schema.py", line 1263, in _common_field_schema
    schema = self._apply_annotations(
        source_type,
        annotations + validators_from_decorators,
    )
  File "C:\Users\HrishitaRaj\AppData\Roaming\Python\Python313\site-packages\pydantic\_internal\_generate_schema.py", line 2056, in _apply_annotations
    schema = get_inner_schema(source_type)
  File "C:\Users\HrishitaRaj\AppData\Roaming\Python\Python313\site-packages\pydantic\_internal\_schema_generation_shared.py", line 84, in __call__
    schema = self._handler(source_type)
  File "C:\Users\HrishitaRaj\AppData\Roaming\Python\Python313\site-packages\pydantic\_internal\_generate_schema.py", line 2035, in inner_handler
    from_property = self._generate_schema_from_property(obj, source_type)
  File "C:\Users\HrishitaRaj\AppData\Roaming\Python\Python313\site-packages\pydantic\_internal\_generate_schema.py", line 759, in _generate_schema_from_property
    schema = get_schema(
        source, CallbackGetCoreSchemaHandler(self._generate_schema_inner, self, ref_mode=ref_mode)
    )
  File "C:\Users\HrishitaRaj\AppData\Roaming\Python\Python313\site-packages\pydantic\networks.py", line 965, in __get_pydantic_core_schema__
    import_email_validator()
    ~~~~~~~~~~~~~~~~~~~~~~^^
  File "C:\Users\HrishitaRaj\AppData\Roaming\Python\Python313\site-packages\pydantic\networks.py", line 927, in import_email_validator
    raise ImportError('email-validator is not installed, run `pip install pydantic[email]`') from e
ImportError: email-validator is not installed, run `pip install pydantic[email]`
